ssh : bash: line 1: cd: /opt/Server-Helper: No such file or directory
At line:1 char:1
+ ssh user@192.168.1.129 "cd /opt/Server-Helper && make test-all" > tes ...
+ ~~~~~~~~~~~~~~~~~~~~~~~~~~~~~~~~~~~~~~~~~~~~~~~~~~~~~~~~~~~~~~~~~~~~~
    + CategoryInfo          : NotSpecified: (bash: line 1: c...le or directory:String) [], RemoteException
    + FullyQualifiedErrorId : NativeCommandError
 
